exports[`utils/RouteWhenAuthorized should allow navigation for authenticated access 1`] = `"<div data-reactroot=\"\" data-reactid=\"1\" data-react-checksum=\"-363261579\">PRIVATE</div>"`;

exports[`utils/RouteWhenAuthorized should redirect for unauthenticated access 1`] = `"<!-- react-empty: 1 -->"`;
