exports[`utils/MatchWhenAuthorized should allow navigation for authenticated access 1`] = `"<div data-reactroot=\"\" data-reactid=\"1\" data-react-checksum=\"-363261579\">PRIVATE</div>"`;

exports[`utils/MatchWhenAuthorized should redirect for unauthenticated access 1`] = `"<!-- react-empty: 1 -->"`;

exports[`utils/RedirectWhenAuthorized should redirect to /private for authenticated access 1`] = `"<!-- react-empty: 1 -->"`;

exports[`utils/RedirectWhenAuthorized should render the Login component for unauthenticated access 1`] = `"<div data-reactroot=\"\" data-reactid=\"1\" data-react-checksum=\"-947056429\">LOGIN</div>"`;
