exports[`Header should render properly 1`] = `"<header class=\"app__header\"><div class=\"app__container\"><a href=\"/\" class=\"app__header__logo\"><div class=\"app__logo\"><span class=\"isvg failed\"><img src=\"\" alt=\"React-Redux-Observables Boilerplate\"></span></div></a><h1>React-Redux-Observables Boilerplate</h1><div class=\"app__header__menu\"><ul class=\"list-unstyled\"><li><a href=\"#logout\" class=\"app__header__logout\"><i class=\"i-sign-out\"></i><span>logout</span></a></li></ul></div></div></header>"`;
